{
 "12": {
  "info": {
   "exposure": 1.15,
   "night": 0,
   "sunI": 5.1417485091058
  },
  "pts": [
   {
    "pt": [
     -200,
     -120
    ],
    "mean": 112.3,
    "sd": 18.8
   },
   {
    "pt": [
     -120,
     -120
    ],
    "mean": 108.3,
    "sd": 16.2
   },
   {
    "pt": [
     -40,
     -120
    ],
    "mean": 91.4,
    "sd": 18.8
   },
   {
    "pt": [
     120,
     -120
    ],
    "mean": 87.6,
    "sd": 18.5
   },
   {
    "pt": [
     -200,
     -40
    ],
    "mean": 94.4,
    "sd": 18.2
   },
   {
    "pt": [
     -120,
     -40
    ],
    "mean": 82.6,
    "sd": 19.2
   },
   {
    "pt": [
     40,
     -40
    ],
    "mean": 82.3,
    "sd": 12.7
   },
   {
    "pt": [
     200,
     -40
    ],
    "mean": 78.4,
    "sd": 19.6
   }
  ]
 },
 "22": {
  "info": {
   "exposure": 2.8,
   "night": 1,
   "sunI": 0
  },
  "pts": [
   {
    "pt": [
     -200,
     -120
    ],
    "mean": 53.2,
    "sd": 13.2
   },
   {
    "pt": [
     -120,
     -120
    ],
    "mean": 50,
    "sd": 12.5
   },
   {
    "pt": [
     -40,
     -120
    ],
    "mean": 46.2,
    "sd": 15.6
   },
   {
    "pt": [
     120,
     -120
    ],
    "mean": 43.5,
    "sd": 16.4
   },
   {
    "pt": [
     -200,
     -40
    ],
    "mean": 46.1,
    "sd": 11.8
   },
   {
    "pt": [
     -120,
     -40
    ],
    "mean": 46.2,
    "sd": 13.4
   },
   {
    "pt": [
     40,
     -40
    ],
    "mean": 51.8,
    "sd": 10.9
   },
   {
    "pt": [
     200,
     -40
    ],
    "mean": 49.2,
    "sd": 17
   }
  ]
 }
}
ground night/day ratios: 0.474 0.462 0.505 0.497 0.488 0.559 0.629 0.628
